2026-06-17T16:33:11: [dotenv@17.2.3] injecting env (57) from .env -- tip: 🔑 add access controls to secrets: https://dotenvx.com/ops
2026-06-17T16:33:12: [dotenv@17.2.3] injecting env (0) from .env -- tip: ⚙️  load multiple .env files with { path: ['.env.local', '.env'] }
2026-06-17T16:33:12: [dotenv@17.2.3] injecting env (0) from .env -- tip: 🔑 add access controls to secrets: https://dotenvx.com/ops
2026-06-17T16:33:12: [dotenv@17.2.3] injecting env (0) from .env -- tip: 🛠️  run anywhere with `dotenvx run -- yourcommand`
2026-06-17T16:33:12: [dotenv@17.2.3] injecting env (0) from .env -- tip: 🗂️ backup and recover secrets: https://dotenvx.com/ops
2026-06-17T16:33:12: [dotenv@17.2.3] injecting env (0) from .env -- tip: 🗂️ backup and recover secrets: https://dotenvx.com/ops
2026-06-17T16:33:12: [dotenv@17.2.3] injecting env (0) from .env -- tip: 🔐 prevent building .env in docker: https://dotenvx.com/prebuild
2026-06-17T16:33:12: [dotenv@17.2.3] injecting env (0) from .env -- tip: 🔐 prevent committing .env to code: https://dotenvx.com/precommit
2026-06-17T16:33:12: [dotenv@17.2.3] injecting env (0) from .env -- tip: ⚙️  specify custom .env file path with { path: '/custom/path/.env' }
2026-06-17T16:33:12: [dotenv@17.2.3] injecting env (0) from .env -- tip: 🔐 prevent committing .env to code: https://dotenvx.com/precommit
2026-06-17T16:33:12: [dotenv@17.2.3] injecting env (0) from .env -- tip: 📡 add observability to secrets: https://dotenvx.com/ops
2026-06-17T16:33:12: [dotenv@17.2.3] injecting env (0) from .env -- tip: 🗂️ backup and recover secrets: https://dotenvx.com/ops
2026-06-17T16:33:12: [dotenv@17.2.3] injecting env (0) from .env -- tip: 🔐 encrypt with Dotenvx: https://dotenvx.com
2026-06-17T16:33:12: [dotenv@17.2.3] injecting env (0) from .env -- tip: 🛠️  run anywhere with `dotenvx run -- yourcommand`
2026-06-17T16:33:13: [Server] Initializing Telegram Bot...
2026-06-17T16:33:13: [Telegram Proxy] Fetching new proxy list...
2026-06-17T16:33:13: Database connected & synced
2026-06-17T16:33:13: Starting database seed...
2026-06-17T16:33:13: Updated channel: gaurpay (INR/IN)
2026-06-17T16:33:13: Updated channel: bharatpay (INR/IN)
2026-06-17T16:33:13: Updated channel: cxpay (INR/IN)
2026-06-17T16:33:14: Updated channel: aapay (INR/IN)
2026-06-17T16:33:14: Updated channel: ipay (INR/IN)
2026-06-17T16:33:14: Updated channel: unitedpay (INR/IN)
2026-06-17T16:33:14: Updated channel: yellow (INR/IN)
2026-06-17T16:33:14: Updated channel: upi super (INR/IN)
2026-06-17T16:33:14: Updated channel: ckpay (INR/IN)
2026-06-17T16:33:14: Updated channel: firpay (INR/IN)
2026-06-17T16:33:14: Updated channel: agpay (INR/IN)
2026-06-17T16:33:14: Updated channel: easypay (INR/IN)
2026-06-17T16:33:14: Updated channel: ynpay (INR/IN)
2026-06-17T16:33:14: Updated channel: passpay (INR/IN)
2026-06-17T16:33:14: Updated channel: smart (INR/IN)
2026-06-17T16:33:14: Updated channel: pkr_channel_1 (PKR/PK)
2026-06-17T16:33:14: Updated channel: bdt_channel_1 (BDT/BD)
2026-06-17T16:33:14: Updated channel: idr_channel_1 (IDR/ID)
2026-06-17T16:33:14: Database seed completed!
2026-06-17T16:33:14: Server running on port 3000
2026-06-17T16:33:14: API Base URL: http://localhost:3000
2026-06-17T16:36:55: [dotenv@17.2.3] injecting env (57) from .env -- tip: 🔐 prevent building .env in docker: https://dotenvx.com/prebuild
2026-06-17T16:36:55: [dotenv@17.2.3] injecting env (0) from .env -- tip: ⚙️  load multiple .env files with { path: ['.env.local', '.env'] }
2026-06-17T16:36:56: [dotenv@17.2.3] injecting env (0) from .env -- tip: ⚙️  load multiple .env files with { path: ['.env.local', '.env'] }
2026-06-17T16:36:56: [dotenv@17.2.3] injecting env (0) from .env -- tip: ⚙️  specify custom .env file path with { path: '/custom/path/.env' }
2026-06-17T16:36:56: [dotenv@17.2.3] injecting env (0) from .env -- tip: 📡 add observability to secrets: https://dotenvx.com/ops
2026-06-17T16:36:56: [dotenv@17.2.3] injecting env (0) from .env -- tip: 🔐 prevent building .env in docker: https://dotenvx.com/prebuild
2026-06-17T16:36:56: [dotenv@17.2.3] injecting env (0) from .env -- tip: ⚙️  load multiple .env files with { path: ['.env.local', '.env'] }
2026-06-17T16:36:56: [dotenv@17.2.3] injecting env (0) from .env -- tip: ⚙️  suppress all logs with { quiet: true }
2026-06-17T16:36:56: [dotenv@17.2.3] injecting env (0) from .env -- tip: 🔄 add secrets lifecycle management: https://dotenvx.com/ops
2026-06-17T16:36:56: [dotenv@17.2.3] injecting env (0) from .env -- tip: ✅ audit secrets and track compliance: https://dotenvx.com/ops
2026-06-17T16:36:56: [dotenv@17.2.3] injecting env (0) from .env -- tip: 🗂️ backup and recover secrets: https://dotenvx.com/ops
2026-06-17T16:36:56: [dotenv@17.2.3] injecting env (0) from .env -- tip: 📡 add observability to secrets: https://dotenvx.com/ops
2026-06-17T16:36:56: [dotenv@17.2.3] injecting env (0) from .env -- tip: ✅ audit secrets and track compliance: https://dotenvx.com/ops
2026-06-17T16:36:56: [dotenv@17.2.3] injecting env (0) from .env -- tip: 🔐 prevent building .env in docker: https://dotenvx.com/prebuild
2026-06-17T16:36:57: [Server] Initializing Telegram Bot...
2026-06-17T16:36:57: [Telegram Proxy] Fetching new proxy list...
2026-06-17T16:36:57: Database connected & synced
2026-06-17T16:36:57: Starting database seed...
2026-06-17T16:36:57: Updated channel: gaurpay (INR/IN)
2026-06-17T16:36:57: Updated channel: bharatpay (INR/IN)
2026-06-17T16:36:57: Updated channel: cxpay (INR/IN)
2026-06-17T16:36:57: [Telegram Proxy] Testing batch 1 (15 proxies)...
2026-06-17T16:36:57: Updated channel: aapay (INR/IN)
2026-06-17T16:36:57: Updated channel: ipay (INR/IN)
2026-06-17T16:36:57: Updated channel: unitedpay (INR/IN)
2026-06-17T16:36:57: Updated channel: yellow (INR/IN)
2026-06-17T16:36:57: Updated channel: upi super (INR/IN)
2026-06-17T16:36:57: Updated channel: ckpay (INR/IN)
2026-06-17T16:36:57: Updated channel: firpay (INR/IN)
2026-06-17T16:36:57: Updated channel: agpay (INR/IN)
2026-06-17T16:36:57: Updated channel: easypay (INR/IN)
2026-06-17T16:36:57: Updated channel: ynpay (INR/IN)
2026-06-17T16:36:57: Updated channel: passpay (INR/IN)
2026-06-17T16:36:57: Updated channel: smart (INR/IN)
2026-06-17T16:36:57: Updated channel: pkr_channel_1 (PKR/PK)
2026-06-17T16:36:57: Updated channel: bdt_channel_1 (BDT/BD)
2026-06-17T16:36:57: Updated channel: idr_channel_1 (IDR/ID)
2026-06-17T16:36:57: Database seed completed!
2026-06-17T16:36:57: Server running on port 3000
2026-06-17T16:36:57: API Base URL: http://localhost:3000
2026-06-17T16:38:15: [dotenv@17.2.3] injecting env (57) from .env -- tip: ⚙️  write to custom object with { processEnv: myObject }
2026-06-17T16:38:15: [dotenv@17.2.3] injecting env (0) from .env -- tip: ✅ audit secrets and track compliance: https://dotenvx.com/ops
2026-06-17T16:38:16: [dotenv@17.2.3] injecting env (0) from .env -- tip: ⚙️  override existing env vars with { override: true }
2026-06-17T16:38:16: [dotenv@17.2.3] injecting env (0) from .env -- tip: ⚙️  suppress all logs with { quiet: true }
2026-06-17T16:38:16: [dotenv@17.2.3] injecting env (0) from .env -- tip: 🛠️  run anywhere with `dotenvx run -- yourcommand`
2026-06-17T16:38:16: [dotenv@17.2.3] injecting env (0) from .env -- tip: ⚙️  load multiple .env files with { path: ['.env.local', '.env'] }
2026-06-17T16:38:16: [dotenv@17.2.3] injecting env (0) from .env -- tip: ⚙️  specify custom .env file path with { path: '/custom/path/.env' }
2026-06-17T16:38:16: [dotenv@17.2.3] injecting env (0) from .env -- tip: 🔑 add access controls to secrets: https://dotenvx.com/ops
2026-06-17T16:38:16: [dotenv@17.2.3] injecting env (0) from .env -- tip: ⚙️  specify custom .env file path with { path: '/custom/path/.env' }
2026-06-17T16:38:16: [dotenv@17.2.3] injecting env (0) from .env -- tip: 🔐 prevent committing .env to code: https://dotenvx.com/precommit
2026-06-17T16:38:16: [dotenv@17.2.3] injecting env (0) from .env -- tip: 🛠️  run anywhere with `dotenvx run -- yourcommand`
2026-06-17T16:38:16: [dotenv@17.2.3] injecting env (0) from .env -- tip: ⚙️  load multiple .env files with { path: ['.env.local', '.env'] }
2026-06-17T16:38:16: [dotenv@17.2.3] injecting env (0) from .env -- tip: 🛠️  run anywhere with `dotenvx run -- yourcommand`
2026-06-17T16:38:16: [dotenv@17.2.3] injecting env (0) from .env -- tip: 🛠️  run anywhere with `dotenvx run -- yourcommand`
2026-06-17T16:38:17: [Server] Initializing Telegram Bot...
2026-06-17T16:38:17: [Telegram Proxy] Fetching new proxy list...
2026-06-17T16:38:17: Database connected & synced
2026-06-17T16:38:17: Starting database seed...
2026-06-17T16:38:17: [Telegram Proxy] Testing batch 1 (15 proxies)...
2026-06-17T16:38:17: Updated channel: gaurpay (INR/IN)
2026-06-17T16:38:17: Updated channel: bharatpay (INR/IN)
2026-06-17T16:38:17: Updated channel: cxpay (INR/IN)
2026-06-17T16:38:17: Updated channel: aapay (INR/IN)
2026-06-17T16:38:17: Updated channel: ipay (INR/IN)
2026-06-17T16:38:17: Updated channel: unitedpay (INR/IN)
2026-06-17T16:38:17: Updated channel: yellow (INR/IN)
2026-06-17T16:38:17: Updated channel: upi super (INR/IN)
2026-06-17T16:38:17: Updated channel: ckpay (INR/IN)
2026-06-17T16:38:17: Updated channel: firpay (INR/IN)
2026-06-17T16:38:17: Updated channel: agpay (INR/IN)
2026-06-17T16:38:17: Updated channel: easypay (INR/IN)
2026-06-17T16:38:17: Updated channel: ynpay (INR/IN)
2026-06-17T16:38:17: Updated channel: passpay (INR/IN)
2026-06-17T16:38:17: Updated channel: smart (INR/IN)
2026-06-17T16:38:17: Updated channel: pkr_channel_1 (PKR/PK)
2026-06-17T16:38:17: Updated channel: bdt_channel_1 (BDT/BD)
2026-06-17T16:38:17: Updated channel: idr_channel_1 (IDR/ID)
2026-06-17T16:38:17: Database seed completed!
2026-06-17T16:38:17: Server running on port 3000
2026-06-17T16:38:17: API Base URL: http://localhost:3000
2026-06-17T16:38:22: [Telegram Proxy] Found working proxy: http://185.161.251.195:3128
2026-06-17T16:38:22: [Telegram] Bot initialized successfully with proxy.
2026-06-17T16:38:29: [Telegram] /id requested in Gaurpay|WBPAY Communication Group (-1004393014788)
2026-06-17T16:38:29: [Telegram] /id requested in Jupiter P2C (-1004327141636)
2026-06-17T16:38:29: [Telegram] /id requested in Gaurpay|WBPAY Communication Group (-1004393014788)
2026-06-17T16:38:29: [Telegram] /id requested in Gaurpay_wolf (7865346068)
2026-06-17T16:38:29: [Telegram] /id requested in thepowerbroker9 (7391807825)
2026-06-17T16:38:29: [Telegram] /id requested in Jupiter P2C (-1004327141636)
2026-06-17T16:38:29: [Telegram] /id requested in Jupiter P2C (-1004327141636)
2026-06-17T16:38:29: [Telegram] /id requested in thepowerbroker9 (7391807825)
2026-06-17T16:38:29: [Telegram] /id requested in kv_solution (7962053520)
2026-06-17T16:38:29: [Telegram] /id requested in thepowerbroker9 (7391807825)
2026-06-17T16:38:29: [Telegram] /id requested in thepowerbroker9 (7391807825)
2026-06-17T16:38:29: [Telegram] /id requested in thepowerbroker9 (7391807825)
2026-06-17T16:38:29: [Telegram] /id requested in thepowerbroker9 (7391807825)
2026-06-17T16:38:29: [Telegram] /id requested in thepowerbroker9 (7391807825)
2026-06-17T16:38:29: [Telegram] /id requested in thepowerbroker9 (7391807825)
2026-06-17T16:38:29: [Telegram] /id requested in thepowerbroker9 (7391807825)
2026-06-17T16:38:29: [Telegram] /id requested in thepowerbroker9 (7391807825)
2026-06-17T16:38:29: [Telegram] /id requested in thepowerbroker9 (7391807825)
2026-06-17T16:39:42: [dotenv@17.2.3] injecting env (57) from .env -- tip: ⚙️  load multiple .env files with { path: ['.env.local', '.env'] }
2026-06-17T16:39:43: [dotenv@17.2.3] injecting env (0) from .env -- tip: 🗂️ backup and recover secrets: https://dotenvx.com/ops
2026-06-17T16:39:43: [dotenv@17.2.3] injecting env (0) from .env -- tip: 🔐 prevent committing .env to code: https://dotenvx.com/precommit
2026-06-17T16:39:43: [dotenv@17.2.3] injecting env (0) from .env -- tip: 🔐 prevent building .env in docker: https://dotenvx.com/prebuild
2026-06-17T16:39:43: [dotenv@17.2.3] injecting env (0) from .env -- tip: 🗂️ backup and recover secrets: https://dotenvx.com/ops
2026-06-17T16:39:43: [dotenv@17.2.3] injecting env (0) from .env -- tip: 🗂️ backup and recover secrets: https://dotenvx.com/ops
2026-06-17T16:39:43: [dotenv@17.2.3] injecting env (0) from .env -- tip: 🛠️  run anywhere with `dotenvx run -- yourcommand`
2026-06-17T16:39:43: [dotenv@17.2.3] injecting env (0) from .env -- tip: 🔐 encrypt with Dotenvx: https://dotenvx.com
2026-06-17T16:39:43: [dotenv@17.2.3] injecting env (0) from .env -- tip: 🗂️ backup and recover secrets: https://dotenvx.com/ops
2026-06-17T16:39:43: [dotenv@17.2.3] injecting env (0) from .env -- tip: ⚙️  suppress all logs with { quiet: true }
2026-06-17T16:39:43: [dotenv@17.2.3] injecting env (0) from .env -- tip: 🔐 encrypt with Dotenvx: https://dotenvx.com
2026-06-17T16:39:43: [dotenv@17.2.3] injecting env (0) from .env -- tip: ✅ audit secrets and track compliance: https://dotenvx.com/ops
2026-06-17T16:39:43: [dotenv@17.2.3] injecting env (0) from .env -- tip: 🛠️  run anywhere with `dotenvx run -- yourcommand`
2026-06-17T16:39:43: [dotenv@17.2.3] injecting env (0) from .env -- tip: 🛠️  run anywhere with `dotenvx run -- yourcommand`
2026-06-17T16:39:44: [Server] Initializing Telegram Bot...
2026-06-17T16:39:44: [Telegram Proxy] Fetching new proxy list...
2026-06-17T16:39:45: Database connected & synced
2026-06-17T16:39:45: Starting database seed...
2026-06-17T16:39:45: [Telegram Proxy] Testing batch 1 (15 proxies)...
2026-06-17T16:39:45: Updated channel: gaurpay (INR/IN)
2026-06-17T16:39:45: Updated channel: bharatpay (INR/IN)
2026-06-17T16:39:45: Updated channel: cxpay (INR/IN)
2026-06-17T16:39:45: Updated channel: aapay (INR/IN)
2026-06-17T16:39:45: Updated channel: ipay (INR/IN)
2026-06-17T16:39:45: Updated channel: unitedpay (INR/IN)
2026-06-17T16:39:45: Updated channel: yellow (INR/IN)
2026-06-17T16:39:45: Updated channel: upi super (INR/IN)
2026-06-17T16:39:45: Updated channel: ckpay (INR/IN)
2026-06-17T16:39:45: Updated channel: firpay (INR/IN)
2026-06-17T16:39:45: Updated channel: agpay (INR/IN)
2026-06-17T16:39:45: Updated channel: easypay (INR/IN)
2026-06-17T16:39:45: Updated channel: ynpay (INR/IN)
2026-06-17T16:39:45: Updated channel: passpay (INR/IN)
2026-06-17T16:39:45: Updated channel: smart (INR/IN)
2026-06-17T16:39:45: Updated channel: pkr_channel_1 (PKR/PK)
2026-06-17T16:39:45: Updated channel: bdt_channel_1 (BDT/BD)
2026-06-17T16:39:45: Updated channel: idr_channel_1 (IDR/ID)
2026-06-17T16:39:45: Database seed completed!
2026-06-17T16:39:45: Server running on port 3000
2026-06-17T16:39:45: API Base URL: http://localhost:3000
2026-06-17T16:39:50: [Telegram Proxy] Testing batch 2 (15 proxies)...
2026-06-17T16:39:55: [Telegram Proxy] Found working proxy: http://163.223.78.87:3127
2026-06-17T16:39:55: [Telegram] Bot initialized successfully with proxy.
