2026-06-17T16:33:19: [dotenv@17.2.3] injecting env (57) from .env -- tip: ⚙️  load multiple .env files with { path: ['.env.local', '.env'] }
2026-06-17T16:33:19: [dotenv@17.2.3] injecting env (0) from .env -- tip: 📡 add observability to secrets: https://dotenvx.com/ops
2026-06-17T16:33:20: [dotenv@17.2.3] injecting env (0) from .env -- tip: ⚙️  load multiple .env files with { path: ['.env.local', '.env'] }
2026-06-17T16:33:20: [dotenv@17.2.3] injecting env (0) from .env -- tip: 🔑 add access controls to secrets: https://dotenvx.com/ops
2026-06-17T16:33:20: [dotenv@17.2.3] injecting env (0) from .env -- tip: ⚙️  write to custom object with { processEnv: myObject }
2026-06-17T16:33:20: [dotenv@17.2.3] injecting env (0) from .env -- tip: 🛠️  run anywhere with `dotenvx run -- yourcommand`
2026-06-17T16:33:20: [dotenv@17.2.3] injecting env (0) from .env -- tip: ⚙️  specify custom .env file path with { path: '/custom/path/.env' }
2026-06-17T16:33:20: [dotenv@17.2.3] injecting env (0) from .env -- tip: ⚙️  load multiple .env files with { path: ['.env.local', '.env'] }
2026-06-17T16:33:20: [dotenv@17.2.3] injecting env (0) from .env -- tip: ⚙️  load multiple .env files with { path: ['.env.local', '.env'] }
2026-06-17T16:33:20: [dotenv@17.2.3] injecting env (0) from .env -- tip: 📡 add observability to secrets: https://dotenvx.com/ops
2026-06-17T16:33:20: [dotenv@17.2.3] injecting env (0) from .env -- tip: ⚙️  specify custom .env file path with { path: '/custom/path/.env' }
2026-06-17T16:33:20: [dotenv@17.2.3] injecting env (0) from .env -- tip: 🗂️ backup and recover secrets: https://dotenvx.com/ops
2026-06-17T16:33:20: [dotenv@17.2.3] injecting env (0) from .env -- tip: ⚙️  write to custom object with { processEnv: myObject }
2026-06-17T16:33:20: [dotenv@17.2.3] injecting env (0) from .env -- tip: ⚙️  enable debug logging with { debug: true }
2026-06-17T16:33:21: [Server] Initializing Telegram Bot...
2026-06-17T16:33:21: [Telegram Proxy] Fetching new proxy list...
2026-06-17T16:33:21: Warning: connect.session() MemoryStore is not
designed for a production environment, as it will leak
memory, and will not scale past a single process.
2026-06-17T16:33:21: Database connected & synced
2026-06-17T16:33:21: Starting database seed...
2026-06-17T16:33:21: Updated channel: gaurpay (INR/IN)
2026-06-17T16:33:21: Updated channel: bharatpay (INR/IN)
2026-06-17T16:33:21: Updated channel: cxpay (INR/IN)
2026-06-17T16:33:21: Updated channel: aapay (INR/IN)
2026-06-17T16:33:21: Updated channel: ipay (INR/IN)
2026-06-17T16:33:21: Updated channel: unitedpay (INR/IN)
2026-06-17T16:33:21: Updated channel: yellow (INR/IN)
2026-06-17T16:33:21: Updated channel: upi super (INR/IN)
2026-06-17T16:33:21: Updated channel: ckpay (INR/IN)
2026-06-17T16:33:21: Updated channel: firpay (INR/IN)
2026-06-17T16:33:21: Updated channel: agpay (INR/IN)
2026-06-17T16:33:21: Updated channel: easypay (INR/IN)
2026-06-17T16:33:21: Updated channel: ynpay (INR/IN)
2026-06-17T16:33:21: Updated channel: passpay (INR/IN)
2026-06-17T16:33:21: Updated channel: smart (INR/IN)
2026-06-17T16:33:21: Updated channel: pkr_channel_1 (PKR/PK)
2026-06-17T16:33:21: Updated channel: bdt_channel_1 (BDT/BD)
2026-06-17T16:33:21: Updated channel: idr_channel_1 (IDR/ID)
2026-06-17T16:33:21: Database seed completed!
2026-06-17T16:33:21: Server running on port 3000
2026-06-17T16:33:21: API Base URL: http://localhost:3000
2026-06-17T16:37:01: [dotenv@17.2.3] injecting env (57) from .env -- tip: ⚙️  enable debug logging with { debug: true }
2026-06-17T16:37:01: [dotenv@17.2.3] injecting env (0) from .env -- tip: 🔄 add secrets lifecycle management: https://dotenvx.com/ops
2026-06-17T16:37:02: [dotenv@17.2.3] injecting env (0) from .env -- tip: 📡 add observability to secrets: https://dotenvx.com/ops
2026-06-17T16:37:02: [dotenv@17.2.3] injecting env (0) from .env -- tip: ⚙️  write to custom object with { processEnv: myObject }
2026-06-17T16:37:02: [dotenv@17.2.3] injecting env (0) from .env -- tip: 📡 add observability to secrets: https://dotenvx.com/ops
2026-06-17T16:37:02: [dotenv@17.2.3] injecting env (0) from .env -- tip: 🔑 add access controls to secrets: https://dotenvx.com/ops
2026-06-17T16:37:02: [dotenv@17.2.3] injecting env (0) from .env -- tip: ✅ audit secrets and track compliance: https://dotenvx.com/ops
2026-06-17T16:37:02: [dotenv@17.2.3] injecting env (0) from .env -- tip: ✅ audit secrets and track compliance: https://dotenvx.com/ops
2026-06-17T16:37:02: [dotenv@17.2.3] injecting env (0) from .env -- tip: 🛠️  run anywhere with `dotenvx run -- yourcommand`
2026-06-17T16:37:02: [dotenv@17.2.3] injecting env (0) from .env -- tip: 🔐 prevent building .env in docker: https://dotenvx.com/prebuild
2026-06-17T16:37:02: [dotenv@17.2.3] injecting env (0) from .env -- tip: 👥 sync secrets across teammates & machines: https://dotenvx.com/ops
2026-06-17T16:37:02: [dotenv@17.2.3] injecting env (0) from .env -- tip: 🔄 add secrets lifecycle management: https://dotenvx.com/ops
2026-06-17T16:37:02: [dotenv@17.2.3] injecting env (0) from .env -- tip: ⚙️  write to custom object with { processEnv: myObject }
2026-06-17T16:37:02: [dotenv@17.2.3] injecting env (0) from .env -- tip: ⚙️  override existing env vars with { override: true }
2026-06-17T16:37:02: [Server] Initializing Telegram Bot...
2026-06-17T16:37:03: [Telegram Proxy] Fetching new proxy list...
2026-06-17T16:37:03: Warning: connect.session() MemoryStore is not
designed for a production environment, as it will leak
memory, and will not scale past a single process.
2026-06-17T16:37:03: Database connected & synced
2026-06-17T16:37:03: Starting database seed...
2026-06-17T16:37:03: Updated channel: gaurpay (INR/IN)
2026-06-17T16:37:03: Updated channel: bharatpay (INR/IN)
2026-06-17T16:37:03: Updated channel: cxpay (INR/IN)
2026-06-17T16:37:03: Updated channel: aapay (INR/IN)
2026-06-17T16:37:03: Updated channel: ipay (INR/IN)
2026-06-17T16:37:03: Updated channel: unitedpay (INR/IN)
2026-06-17T16:37:03: Updated channel: yellow (INR/IN)
2026-06-17T16:37:03: Updated channel: upi super (INR/IN)
2026-06-17T16:37:03: Updated channel: ckpay (INR/IN)
2026-06-17T16:37:03: Updated channel: firpay (INR/IN)
2026-06-17T16:37:03: Updated channel: agpay (INR/IN)
2026-06-17T16:37:03: Updated channel: easypay (INR/IN)
2026-06-17T16:37:03: Updated channel: ynpay (INR/IN)
2026-06-17T16:37:03: Updated channel: passpay (INR/IN)
2026-06-17T16:37:03: Updated channel: smart (INR/IN)
2026-06-17T16:37:03: Updated channel: pkr_channel_1 (PKR/PK)
2026-06-17T16:37:03: Updated channel: bdt_channel_1 (BDT/BD)
2026-06-17T16:37:03: [Telegram Proxy] Testing batch 1 (15 proxies)...
2026-06-17T16:37:03: Updated channel: idr_channel_1 (IDR/ID)
2026-06-17T16:37:03: Database seed completed!
2026-06-17T16:37:03: Server running on port 3000
2026-06-17T16:37:03: API Base URL: http://localhost:3000
2026-06-17T16:38:21: [dotenv@17.2.3] injecting env (57) from .env -- tip: ⚙️  specify custom .env file path with { path: '/custom/path/.env' }
2026-06-17T16:38:21: [dotenv@17.2.3] injecting env (0) from .env -- tip: 🗂️ backup and recover secrets: https://dotenvx.com/ops
2026-06-17T16:38:22: [dotenv@17.2.3] injecting env (0) from .env -- tip: ⚙️  suppress all logs with { quiet: true }
2026-06-17T16:38:22: [dotenv@17.2.3] injecting env (0) from .env -- tip: ⚙️  specify custom .env file path with { path: '/custom/path/.env' }
2026-06-17T16:38:22: [dotenv@17.2.3] injecting env (0) from .env -- tip: 🔐 encrypt with Dotenvx: https://dotenvx.com
2026-06-17T16:38:22: [dotenv@17.2.3] injecting env (0) from .env -- tip: ⚙️  load multiple .env files with { path: ['.env.local', '.env'] }
2026-06-17T16:38:22: [dotenv@17.2.3] injecting env (0) from .env -- tip: 🔄 add secrets lifecycle management: https://dotenvx.com/ops
2026-06-17T16:38:22: [dotenv@17.2.3] injecting env (0) from .env -- tip: ⚙️  load multiple .env files with { path: ['.env.local', '.env'] }
2026-06-17T16:38:22: [dotenv@17.2.3] injecting env (0) from .env -- tip: 🔑 add access controls to secrets: https://dotenvx.com/ops
2026-06-17T16:38:22: [dotenv@17.2.3] injecting env (0) from .env -- tip: 🔄 add secrets lifecycle management: https://dotenvx.com/ops
2026-06-17T16:38:22: [dotenv@17.2.3] injecting env (0) from .env -- tip: 👥 sync secrets across teammates & machines: https://dotenvx.com/ops
2026-06-17T16:38:22: [dotenv@17.2.3] injecting env (0) from .env -- tip: ⚙️  override existing env vars with { override: true }
2026-06-17T16:38:22: [dotenv@17.2.3] injecting env (0) from .env -- tip: 🔐 encrypt with Dotenvx: https://dotenvx.com
2026-06-17T16:38:22: [dotenv@17.2.3] injecting env (0) from .env -- tip: 🛠️  run anywhere with `dotenvx run -- yourcommand`
2026-06-17T16:38:23: [Server] Initializing Telegram Bot...
2026-06-17T16:38:23: [Telegram Proxy] Fetching new proxy list...
2026-06-17T16:38:23: Warning: connect.session() MemoryStore is not
designed for a production environment, as it will leak
memory, and will not scale past a single process.
2026-06-17T16:38:23: Database connected & synced
2026-06-17T16:38:23: Starting database seed...
2026-06-17T16:38:23: [Telegram Proxy] Testing batch 1 (15 proxies)...
2026-06-17T16:38:23: Updated channel: gaurpay (INR/IN)
2026-06-17T16:38:23: Updated channel: bharatpay (INR/IN)
2026-06-17T16:38:23: Updated channel: cxpay (INR/IN)
2026-06-17T16:38:23: Updated channel: aapay (INR/IN)
2026-06-17T16:38:23: Updated channel: ipay (INR/IN)
2026-06-17T16:38:23: Updated channel: unitedpay (INR/IN)
2026-06-17T16:38:23: Updated channel: yellow (INR/IN)
2026-06-17T16:38:23: Updated channel: upi super (INR/IN)
2026-06-17T16:38:23: Updated channel: ckpay (INR/IN)
2026-06-17T16:38:23: Updated channel: firpay (INR/IN)
2026-06-17T16:38:23: Updated channel: agpay (INR/IN)
2026-06-17T16:38:23: Updated channel: easypay (INR/IN)
2026-06-17T16:38:23: Updated channel: ynpay (INR/IN)
2026-06-17T16:38:23: Updated channel: passpay (INR/IN)
2026-06-17T16:38:23: Updated channel: smart (INR/IN)
2026-06-17T16:38:23: Updated channel: pkr_channel_1 (PKR/PK)
2026-06-17T16:38:23: Updated channel: bdt_channel_1 (BDT/BD)
2026-06-17T16:38:23: Updated channel: idr_channel_1 (IDR/ID)
2026-06-17T16:38:23: Database seed completed!
2026-06-17T16:38:23: Server running on port 3000
2026-06-17T16:38:23: API Base URL: http://localhost:3000
2026-06-17T16:38:28: [Telegram Proxy] Testing batch 2 (15 proxies)...
2026-06-17T16:38:33: [Telegram Proxy] Found working proxy: http://12.49.24.22:8080
2026-06-17T16:38:33: [Telegram] Bot initialized successfully with proxy.
2026-06-17T16:39:49: [dotenv@17.2.3] injecting env (57) from .env -- tip: ⚙️  load multiple .env files with { path: ['.env.local', '.env'] }
2026-06-17T16:39:49: [dotenv@17.2.3] injecting env (0) from .env -- tip: ⚙️  specify custom .env file path with { path: '/custom/path/.env' }
2026-06-17T16:39:50: [dotenv@17.2.3] injecting env (0) from .env -- tip: ⚙️  load multiple .env files with { path: ['.env.local', '.env'] }
2026-06-17T16:39:50: [dotenv@17.2.3] injecting env (0) from .env -- tip: ⚙️  override existing env vars with { override: true }
2026-06-17T16:39:50: [dotenv@17.2.3] injecting env (0) from .env -- tip: 🔄 add secrets lifecycle management: https://dotenvx.com/ops
2026-06-17T16:39:50: [dotenv@17.2.3] injecting env (0) from .env -- tip: 🔑 add access controls to secrets: https://dotenvx.com/ops
2026-06-17T16:39:50: [dotenv@17.2.3] injecting env (0) from .env -- tip: ⚙️  override existing env vars with { override: true }
2026-06-17T16:39:50: [dotenv@17.2.3] injecting env (0) from .env -- tip: 🔐 prevent building .env in docker: https://dotenvx.com/prebuild
2026-06-17T16:39:50: [dotenv@17.2.3] injecting env (0) from .env -- tip: 🔄 add secrets lifecycle management: https://dotenvx.com/ops
2026-06-17T16:39:50: [dotenv@17.2.3] injecting env (0) from .env -- tip: ⚙️  enable debug logging with { debug: true }
2026-06-17T16:39:50: [dotenv@17.2.3] injecting env (0) from .env -- tip: ⚙️  enable debug logging with { debug: true }
2026-06-17T16:39:50: [dotenv@17.2.3] injecting env (0) from .env -- tip: ⚙️  override existing env vars with { override: true }
2026-06-17T16:39:50: [dotenv@17.2.3] injecting env (0) from .env -- tip: ⚙️  suppress all logs with { quiet: true }
2026-06-17T16:39:50: [dotenv@17.2.3] injecting env (0) from .env -- tip: ⚙️  override existing env vars with { override: true }
2026-06-17T16:39:50: [Server] Initializing Telegram Bot...
2026-06-17T16:39:50: [Telegram Proxy] Fetching new proxy list...
2026-06-17T16:39:51: Warning: connect.session() MemoryStore is not
designed for a production environment, as it will leak
memory, and will not scale past a single process.
2026-06-17T16:39:51: Database connected & synced
2026-06-17T16:39:51: Starting database seed...
2026-06-17T16:39:51: [Telegram Proxy] Testing batch 1 (15 proxies)...
2026-06-17T16:39:51: Updated channel: gaurpay (INR/IN)
2026-06-17T16:39:51: Updated channel: bharatpay (INR/IN)
2026-06-17T16:39:51: Updated channel: cxpay (INR/IN)
2026-06-17T16:39:51: Updated channel: aapay (INR/IN)
2026-06-17T16:39:51: Updated channel: ipay (INR/IN)
2026-06-17T16:39:51: Updated channel: unitedpay (INR/IN)
2026-06-17T16:39:51: Updated channel: yellow (INR/IN)
2026-06-17T16:39:51: Updated channel: upi super (INR/IN)
2026-06-17T16:39:51: Updated channel: ckpay (INR/IN)
2026-06-17T16:39:51: Updated channel: firpay (INR/IN)
2026-06-17T16:39:51: Updated channel: agpay (INR/IN)
2026-06-17T16:39:51: Updated channel: easypay (INR/IN)
2026-06-17T16:39:51: Updated channel: ynpay (INR/IN)
2026-06-17T16:39:51: Updated channel: passpay (INR/IN)
2026-06-17T16:39:51: Updated channel: smart (INR/IN)
2026-06-17T16:39:51: Updated channel: pkr_channel_1 (PKR/PK)
2026-06-17T16:39:51: Updated channel: bdt_channel_1 (BDT/BD)
2026-06-17T16:39:51: Updated channel: idr_channel_1 (IDR/ID)
2026-06-17T16:39:51: Database seed completed!
2026-06-17T16:39:51: Server running on port 3000
2026-06-17T16:39:51: API Base URL: http://localhost:3000
2026-06-17T16:39:56: [Telegram Proxy] Testing batch 2 (15 proxies)...
