2026-06-17T16:33:25: [dotenv@17.2.3] injecting env (57) from .env -- tip: ⚙️  write to custom object with { processEnv: myObject }
2026-06-17T16:33:26: [dotenv@17.2.3] injecting env (0) from .env -- tip: ⚙️  override existing env vars with { override: true }
2026-06-17T16:33:27: [dotenv@17.2.3] injecting env (0) from .env -- tip: 🔐 encrypt with Dotenvx: https://dotenvx.com
2026-06-17T16:33:27: [dotenv@17.2.3] injecting env (0) from .env -- tip: 📡 add observability to secrets: https://dotenvx.com/ops
2026-06-17T16:33:27: [dotenv@17.2.3] injecting env (0) from .env -- tip: 🔑 add access controls to secrets: https://dotenvx.com/ops
2026-06-17T16:33:27: [dotenv@17.2.3] injecting env (0) from .env -- tip: ⚙️  override existing env vars with { override: true }
2026-06-17T16:33:27: [dotenv@17.2.3] injecting env (0) from .env -- tip: 🔐 prevent committing .env to code: https://dotenvx.com/precommit
2026-06-17T16:33:27: [dotenv@17.2.3] injecting env (0) from .env -- tip: ⚙️  suppress all logs with { quiet: true }
2026-06-17T16:33:27: [dotenv@17.2.3] injecting env (0) from .env -- tip: ✅ audit secrets and track compliance: https://dotenvx.com/ops
2026-06-17T16:33:27: [dotenv@17.2.3] injecting env (0) from .env -- tip: 🔑 add access controls to secrets: https://dotenvx.com/ops
2026-06-17T16:33:27: [dotenv@17.2.3] injecting env (0) from .env -- tip: ⚙️  enable debug logging with { debug: true }
2026-06-17T16:33:27: [dotenv@17.2.3] injecting env (0) from .env -- tip: 🔐 encrypt with Dotenvx: https://dotenvx.com
2026-06-17T16:33:27: [dotenv@17.2.3] injecting env (0) from .env -- tip: ✅ audit secrets and track compliance: https://dotenvx.com/ops
2026-06-17T16:33:27: [dotenv@17.2.3] injecting env (0) from .env -- tip: 🔑 add access controls to secrets: https://dotenvx.com/ops
2026-06-17T16:33:27: [Server] Initializing Telegram Bot...
2026-06-17T16:33:27: [Telegram Proxy] Fetching new proxy list...
2026-06-17T16:33:28: Database connected & synced
2026-06-17T16:33:28: Starting database seed...
2026-06-17T16:33:28: Updated channel: gaurpay (INR/IN)
2026-06-17T16:33:28: Updated channel: bharatpay (INR/IN)
2026-06-17T16:33:28: Updated channel: cxpay (INR/IN)
2026-06-17T16:33:28: Updated channel: aapay (INR/IN)
2026-06-17T16:33:28: Updated channel: ipay (INR/IN)
2026-06-17T16:33:28: Updated channel: unitedpay (INR/IN)
2026-06-17T16:33:28: Updated channel: yellow (INR/IN)
2026-06-17T16:33:28: Updated channel: upi super (INR/IN)
2026-06-17T16:33:28: Updated channel: ckpay (INR/IN)
2026-06-17T16:33:28: Updated channel: firpay (INR/IN)
2026-06-17T16:33:28: Updated channel: agpay (INR/IN)
2026-06-17T16:33:28: Updated channel: easypay (INR/IN)
2026-06-17T16:33:28: Updated channel: ynpay (INR/IN)
2026-06-17T16:33:28: Updated channel: passpay (INR/IN)
2026-06-17T16:33:28: Updated channel: smart (INR/IN)
2026-06-17T16:33:28: Updated channel: pkr_channel_1 (PKR/PK)
2026-06-17T16:33:28: Updated channel: bdt_channel_1 (BDT/BD)
2026-06-17T16:33:28: Updated channel: idr_channel_1 (IDR/ID)
2026-06-17T16:33:28: Database seed completed!
2026-06-17T16:33:28: Server running on port 3000
2026-06-17T16:33:28: API Base URL: http://localhost:3000
2026-06-17T16:37:07: [dotenv@17.2.3] injecting env (57) from .env -- tip: 🗂️ backup and recover secrets: https://dotenvx.com/ops
2026-06-17T16:37:07: [dotenv@17.2.3] injecting env (0) from .env -- tip: ⚙️  write to custom object with { processEnv: myObject }
2026-06-17T16:37:08: [dotenv@17.2.3] injecting env (0) from .env -- tip: 🔄 add secrets lifecycle management: https://dotenvx.com/ops
2026-06-17T16:37:08: [dotenv@17.2.3] injecting env (0) from .env -- tip: 👥 sync secrets across teammates & machines: https://dotenvx.com/ops
2026-06-17T16:37:08: [dotenv@17.2.3] injecting env (0) from .env -- tip: ⚙️  specify custom .env file path with { path: '/custom/path/.env' }
2026-06-17T16:37:08: [dotenv@17.2.3] injecting env (0) from .env -- tip: ⚙️  override existing env vars with { override: true }
2026-06-17T16:37:08: [dotenv@17.2.3] injecting env (0) from .env -- tip: 🔐 prevent building .env in docker: https://dotenvx.com/prebuild
2026-06-17T16:37:08: [dotenv@17.2.3] injecting env (0) from .env -- tip: ⚙️  suppress all logs with { quiet: true }
2026-06-17T16:37:08: [dotenv@17.2.3] injecting env (0) from .env -- tip: 🛠️  run anywhere with `dotenvx run -- yourcommand`
2026-06-17T16:37:08: [dotenv@17.2.3] injecting env (0) from .env -- tip: ⚙️  enable debug logging with { debug: true }
2026-06-17T16:37:08: [dotenv@17.2.3] injecting env (0) from .env -- tip: ⚙️  override existing env vars with { override: true }
2026-06-17T16:37:08: [dotenv@17.2.3] injecting env (0) from .env -- tip: ⚙️  enable debug logging with { debug: true }
2026-06-17T16:37:08: [dotenv@17.2.3] injecting env (0) from .env -- tip: 🗂️ backup and recover secrets: https://dotenvx.com/ops
2026-06-17T16:37:08: [dotenv@17.2.3] injecting env (0) from .env -- tip: 📡 add observability to secrets: https://dotenvx.com/ops
2026-06-17T16:37:09: [Server] Initializing Telegram Bot...
2026-06-17T16:37:09: [Telegram Proxy] Fetching new proxy list...
2026-06-17T16:37:09: Database connected & synced
2026-06-17T16:37:09: Starting database seed...
2026-06-17T16:37:09: Updated channel: gaurpay (INR/IN)
2026-06-17T16:37:09: Updated channel: bharatpay (INR/IN)
2026-06-17T16:37:09: Updated channel: cxpay (INR/IN)
2026-06-17T16:37:09: Updated channel: aapay (INR/IN)
2026-06-17T16:37:09: [Telegram Proxy] Testing batch 1 (15 proxies)...
2026-06-17T16:37:09: Updated channel: ipay (INR/IN)
2026-06-17T16:37:09: Updated channel: unitedpay (INR/IN)
2026-06-17T16:37:09: Updated channel: yellow (INR/IN)
2026-06-17T16:37:09: Updated channel: upi super (INR/IN)
2026-06-17T16:37:09: Updated channel: ckpay (INR/IN)
2026-06-17T16:37:09: Updated channel: firpay (INR/IN)
2026-06-17T16:37:09: Updated channel: agpay (INR/IN)
2026-06-17T16:37:09: Updated channel: easypay (INR/IN)
2026-06-17T16:37:09: Updated channel: ynpay (INR/IN)
2026-06-17T16:37:09: Updated channel: passpay (INR/IN)
2026-06-17T16:37:09: Updated channel: smart (INR/IN)
2026-06-17T16:37:09: Updated channel: pkr_channel_1 (PKR/PK)
2026-06-17T16:37:09: Updated channel: bdt_channel_1 (BDT/BD)
2026-06-17T16:37:09: Updated channel: idr_channel_1 (IDR/ID)
2026-06-17T16:37:09: Database seed completed!
2026-06-17T16:37:09: Server running on port 3000
2026-06-17T16:37:09: API Base URL: http://localhost:3000
2026-06-17T16:38:27: [dotenv@17.2.3] injecting env (57) from .env -- tip: ⚙️  enable debug logging with { debug: true }
2026-06-17T16:38:27: [dotenv@17.2.3] injecting env (0) from .env -- tip: 🗂️ backup and recover secrets: https://dotenvx.com/ops
2026-06-17T16:38:28: [dotenv@17.2.3] injecting env (0) from .env -- tip: 🔑 add access controls to secrets: https://dotenvx.com/ops
2026-06-17T16:38:28: [dotenv@17.2.3] injecting env (0) from .env -- tip: 🔄 add secrets lifecycle management: https://dotenvx.com/ops
2026-06-17T16:38:28: [dotenv@17.2.3] injecting env (0) from .env -- tip: 📡 add observability to secrets: https://dotenvx.com/ops
2026-06-17T16:38:28: [dotenv@17.2.3] injecting env (0) from .env -- tip: 🔐 prevent building .env in docker: https://dotenvx.com/prebuild
2026-06-17T16:38:28: [dotenv@17.2.3] injecting env (0) from .env -- tip: ⚙️  override existing env vars with { override: true }
2026-06-17T16:38:28: [dotenv@17.2.3] injecting env (0) from .env -- tip: 🔄 add secrets lifecycle management: https://dotenvx.com/ops
2026-06-17T16:38:28: [dotenv@17.2.3] injecting env (0) from .env -- tip: 🔑 add access controls to secrets: https://dotenvx.com/ops
2026-06-17T16:38:28: [dotenv@17.2.3] injecting env (0) from .env -- tip: ⚙️  suppress all logs with { quiet: true }
2026-06-17T16:38:28: [dotenv@17.2.3] injecting env (0) from .env -- tip: ⚙️  suppress all logs with { quiet: true }
2026-06-17T16:38:28: [dotenv@17.2.3] injecting env (0) from .env -- tip: 🔐 encrypt with Dotenvx: https://dotenvx.com
2026-06-17T16:38:28: [dotenv@17.2.3] injecting env (0) from .env -- tip: 🔑 add access controls to secrets: https://dotenvx.com/ops
2026-06-17T16:38:28: [dotenv@17.2.3] injecting env (0) from .env -- tip: 🛠️  run anywhere with `dotenvx run -- yourcommand`
2026-06-17T16:38:29: [Server] Initializing Telegram Bot...
2026-06-17T16:38:29: [Telegram Proxy] Fetching new proxy list...
2026-06-17T16:38:29: [Telegram Proxy] Testing batch 1 (15 proxies)...
2026-06-17T16:38:29: Database connected & synced
2026-06-17T16:38:29: Starting database seed...
2026-06-17T16:38:29: Updated channel: gaurpay (INR/IN)
2026-06-17T16:38:29: Updated channel: bharatpay (INR/IN)
2026-06-17T16:38:29: Updated channel: cxpay (INR/IN)
2026-06-17T16:38:29: Updated channel: aapay (INR/IN)
2026-06-17T16:38:29: Updated channel: ipay (INR/IN)
2026-06-17T16:38:29: Updated channel: unitedpay (INR/IN)
2026-06-17T16:38:29: Updated channel: yellow (INR/IN)
2026-06-17T16:38:29: Updated channel: upi super (INR/IN)
2026-06-17T16:38:29: Updated channel: ckpay (INR/IN)
2026-06-17T16:38:29: Updated channel: firpay (INR/IN)
2026-06-17T16:38:29: Updated channel: agpay (INR/IN)
2026-06-17T16:38:29: Updated channel: easypay (INR/IN)
2026-06-17T16:38:29: Updated channel: ynpay (INR/IN)
2026-06-17T16:38:29: Updated channel: passpay (INR/IN)
2026-06-17T16:38:29: Updated channel: smart (INR/IN)
2026-06-17T16:38:29: Updated channel: pkr_channel_1 (PKR/PK)
2026-06-17T16:38:29: Updated channel: bdt_channel_1 (BDT/BD)
2026-06-17T16:38:29: Updated channel: idr_channel_1 (IDR/ID)
2026-06-17T16:38:29: Database seed completed!
2026-06-17T16:38:29: Server running on port 3000
2026-06-17T16:38:29: API Base URL: http://localhost:3000
2026-06-17T16:38:34: [Telegram Proxy] Found working proxy: http://101.255.107.122:1111
2026-06-17T16:38:34: [Telegram] Bot initialized successfully with proxy.
2026-06-17T16:39:54: [dotenv@17.2.3] injecting env (57) from .env -- tip: ⚙️  load multiple .env files with { path: ['.env.local', '.env'] }
2026-06-17T16:39:55: [dotenv@17.2.3] injecting env (0) from .env -- tip: 🗂️ backup and recover secrets: https://dotenvx.com/ops
2026-06-17T16:39:55: [dotenv@17.2.3] injecting env (0) from .env -- tip: 🔄 add secrets lifecycle management: https://dotenvx.com/ops
2026-06-17T16:39:55: [dotenv@17.2.3] injecting env (0) from .env -- tip: ⚙️  override existing env vars with { override: true }
2026-06-17T16:39:55: [dotenv@17.2.3] injecting env (0) from .env -- tip: 🗂️ backup and recover secrets: https://dotenvx.com/ops
2026-06-17T16:39:55: [dotenv@17.2.3] injecting env (0) from .env -- tip: ⚙️  specify custom .env file path with { path: '/custom/path/.env' }
2026-06-17T16:39:55: [dotenv@17.2.3] injecting env (0) from .env -- tip: ✅ audit secrets and track compliance: https://dotenvx.com/ops
2026-06-17T16:39:55: [dotenv@17.2.3] injecting env (0) from .env -- tip: ✅ audit secrets and track compliance: https://dotenvx.com/ops
2026-06-17T16:39:55: [dotenv@17.2.3] injecting env (0) from .env -- tip: ⚙️  specify custom .env file path with { path: '/custom/path/.env' }
2026-06-17T16:39:55: [dotenv@17.2.3] injecting env (0) from .env -- tip: ⚙️  suppress all logs with { quiet: true }
2026-06-17T16:39:55: [dotenv@17.2.3] injecting env (0) from .env -- tip: ✅ audit secrets and track compliance: https://dotenvx.com/ops
2026-06-17T16:39:55: [dotenv@17.2.3] injecting env (0) from .env -- tip: ⚙️  suppress all logs with { quiet: true }
2026-06-17T16:39:55: [dotenv@17.2.3] injecting env (0) from .env -- tip: ⚙️  load multiple .env files with { path: ['.env.local', '.env'] }
2026-06-17T16:39:55: [dotenv@17.2.3] injecting env (0) from .env -- tip: 👥 sync secrets across teammates & machines: https://dotenvx.com/ops
2026-06-17T16:39:56: [Server] Initializing Telegram Bot...
2026-06-17T16:39:56: [Telegram Proxy] Fetching new proxy list...
2026-06-17T16:39:56: Database connected & synced
2026-06-17T16:39:56: Starting database seed...
2026-06-17T16:39:56: [Telegram Proxy] Testing batch 1 (15 proxies)...
2026-06-17T16:39:56: Updated channel: gaurpay (INR/IN)
2026-06-17T16:39:56: Updated channel: bharatpay (INR/IN)
2026-06-17T16:39:56: Updated channel: cxpay (INR/IN)
2026-06-17T16:39:56: Updated channel: aapay (INR/IN)
2026-06-17T16:39:56: Updated channel: ipay (INR/IN)
2026-06-17T16:39:56: Updated channel: unitedpay (INR/IN)
2026-06-17T16:39:56: Updated channel: yellow (INR/IN)
2026-06-17T16:39:56: Updated channel: upi super (INR/IN)
2026-06-17T16:39:56: Updated channel: ckpay (INR/IN)
2026-06-17T16:39:56: Updated channel: firpay (INR/IN)
2026-06-17T16:39:56: Updated channel: agpay (INR/IN)
2026-06-17T16:39:56: Updated channel: easypay (INR/IN)
2026-06-17T16:39:56: Updated channel: ynpay (INR/IN)
2026-06-17T16:39:56: Updated channel: passpay (INR/IN)
2026-06-17T16:39:56: Updated channel: smart (INR/IN)
2026-06-17T16:39:56: Updated channel: pkr_channel_1 (PKR/PK)
2026-06-17T16:39:56: Updated channel: bdt_channel_1 (BDT/BD)
2026-06-17T16:39:56: Updated channel: idr_channel_1 (IDR/ID)
2026-06-17T16:39:56: Database seed completed!
2026-06-17T16:39:56: Server running on port 3000
2026-06-17T16:39:56: API Base URL: http://localhost:3000
